// Jest Snapshot v1, https://goo.gl/fbAQLP

exports[`renders 1`] = `
<DocumentFragment>
  <h1
    class="fancy"
    data-testid="h1tag"
    style="text-align: center;"
  >
    Hello2
  </h1>
  <hr />
</DocumentFragment>
`;
